Are you running this on a computer WITHOUT a network connection of any kind? (y/n)?Have the wireless cards in this computer been physically removed? (y/n)?Are you running on battery power? (y/n)?Are you running on an operating system booted from a USB drive? (y/n)?Is your screen hidden from view of windows, cameras, and other people? (y/n)?Are smartphones and all other nearby devices turned off and in a Faraday bag? (y/n)?
Enter the 24 word mnemonic phrase (separate the words with whitespace): 
Input 2 valid xpubs

Enter xpub #1: 
Enter xpub #2: 
Enter the psbt for the transaction you wish to sign: 
Validating the PSBT...
================================================================================
PSBT validation SUCCESSFUL:
* The provided base64 encoded input is a valid PSBT.
* All input validations succeeded.
* All output validations succeeded.

PSBT validation WARNINGS: There were no warnings during the validation process.

+-----------------------+
|                       |
|  Transaction Summary  |
|                       |
+-----------------------+
Transaction ID: cb416a31b08a012710b5d2eec8358a2f6ebf46eecb7914e3f539c871c73201b3
Virtual size: 183 vbyte
Fee (total): 0.00000276
Fee (rate): 1.5 sat/byte

Inputs (1)
2f9b47440a...bfb65b6b44:0	bcrt1qumkqe0wvulrdq5me898ad9jg7srrulafv7z7dc66n2mq4aavh4yqk2559z	0.01000000

Outputs (2)
[CHANGE] bcrt1q62qv89ksuvx73cc6anla4qdpsdqjklzn4mx5y7m70rgz3kqt234ql0nnac	0.00249724
[NOT CHANGE] mkHS9ne12qx9pS9VojpwU5xtRd4T7X7ZUt	0.00750000

Controls:
    'SIGN' -- sign the psbt
    'EXIT' -- exit

Enter your desired command: 
Raw signed psbt (base64):
cHNidP8BAIACAAAAAURrW7a/0IjQJW4qN6xld6NLFTSoGe+WA2VzxApER5svAAAAAAD9////AnzPAwAAAAAAIgAg0oDDltDjDejjGuz/2oGhg0ErfFOuzUJ7fnjQKNgLVGqwcQsAAAAAABl2qRQ0Sg9IyhUOwrkDgXZgubaLE6ZwJoisWXcZAAABAStAQg8AAAAAACIAIObsDL3M58bQU3k5T9aWSPQGPn+pZ4Xm41qatgr3rL1IIgID9FUZFcYYgC+97g0KJPZH+9zd+5di4ZMKbICeyY3KNIBHMEQCICceETNmi9AxMOPTkc1gmgXgrwkrfo5z4ahn5h9BykHSAiB7iE4LuJXTTjVhj531Wzdd5ouG+2UKSAH7M+rCbq58IQEBBUdSIQICL2DXAmD0XKGVlMB3Eg09gDXTogG+FJ2aa+rd3gP3niED9FUZFcYYgC+97g0KJPZH+9zd+5di4ZMKbICeyY3KNIBSriIGAgIvYNcCYPRcoZWUwHcSDT2ANdOiAb4UnZpr6t3eA/eeDDTpPNoAAAAAAAAAACIGA/RVGRXGGIAvve4NCiT2R/vc3fuXYuGTCmyAnsmNyjSADAuIqTcAAAAAAAAAAAABAUdSIQJIpi3B16WvnfaxAok7Bj3y3FHgNkdyYmD8fZW9y/evGSECpjgib8VI58A25EhnGrmHPFDlZQcTMaYB/siGkCnQmtRSriICAkimLcHXpa+d9rECiTsGPfLcUeA2R3JiYPx9lb3L968ZDAuIqTcBAAAAAAAAACICAqY4Im/FSOfANuRIZxq5hzxQ5WUHEzGmAf7IhpAp0JrUDDTpPNoBAAAAAAAAAAAA

PSBT fingerprint (md5):
8694bfc8fc9a5da58e4959f9900b338e

QR code for signed psbt written to psbt-signed.png
