Are you running this on a computer WITHOUT a network connection of any kind? (y/n)?Have the wireless cards in this computer been physically removed? (y/n)?Are you running on battery power? (y/n)?Are you running on an operating system booted from a USB drive? (y/n)?Is your screen hidden from view of windows, cameras, and other people? (y/n)?Are smartphones and all other nearby devices turned off and in a Faraday bag? (y/n)?
Enter your BIP39 mnemonic phrase (separate the words with whitespace): 
Input 3 valid descriptor keys

Enter descriptor key #1: 
Enter descriptor key #2: 
Enter descriptor key #3: ================================================================================
Derivation Path, Address
../0/0, bcrt1qulldgcyt7yuk9c09t7935gk2meq3ssp7txr2ntyer8gfm4cfy40s7r5ku2 (Enter 0 to save as a QR code in address.png)
../0/1, bcrt1qwghj3vqyldul0c44uy7sy0u5mp8m4qzlsemtwrtw4xmvgam2580ss8y8gx (Enter 1 to save as a QR code in address.png)
../0/2, bcrt1q7md5ks3rkmuqgj49tqnllhpfzter3mj5kafdrtxq4n0cw25q3nwqe4pnqt (Enter 2 to save as a QR code in address.png)
../0/3, bcrt1qjskkwkl4c0xttgew26mucgrwz78g6jqvyyvl673944v447vnk9pqw5sjqt (Enter 3 to save as a QR code in address.png)
../0/4, bcrt1qya20t2g0xxkzpg8e8m8m64u2gds807vcj0mlpu38ds7juh8u9c9sx7drsg (Enter 4 to save as a QR code in address.png)
../0/5, bcrt1qvewfys0rweqkgx98p0cmjgldmfhw5smde7skqjtp2fp0u2yl9xnqrlv3tr (Enter 5 to save as a QR code in address.png)
../0/6, bcrt1qtn73scdqv7h9c8lf2au0h5537e4fzyux0qcrez5tkh98ws5fhp2slq9jte (Enter 6 to save as a QR code in address.png)
../0/7, bcrt1q8r4dn3yk5qlyxffk8e58fcdxu5vkcey357qsvlmqpztreeq30lmscvsgnq (Enter 7 to save as a QR code in address.png)
../0/8, bcrt1qkucptzg2nnnhfc38zk28u0s82u0gd55jjz33ncz52se7nsdt34eqqruxwy (Enter 8 to save as a QR code in address.png)
../0/9, bcrt1qggwdv49ewdrjvt0ltc4kyhg30ssz93g2t97gm55lysnmhd3yhshszp9akm (Enter 9 to save as a QR code in address.png)

Controls:
    'NEXT' -- view next 10 addresses
    'PREV' -- view previous 10 addresses
    'CHANGE' -- toggle to/from change addresses
    'QUIT' -- quit proof wallet

Enter your desired command: QR code for address written to address.png
================================================================================
Derivation Path, Address
../0/0, bcrt1qulldgcyt7yuk9c09t7935gk2meq3ssp7txr2ntyer8gfm4cfy40s7r5ku2 (Enter 0 to save as a QR code in address.png)
../0/1, bcrt1qwghj3vqyldul0c44uy7sy0u5mp8m4qzlsemtwrtw4xmvgam2580ss8y8gx (Enter 1 to save as a QR code in address.png)
../0/2, bcrt1q7md5ks3rkmuqgj49tqnllhpfzter3mj5kafdrtxq4n0cw25q3nwqe4pnqt (Enter 2 to save as a QR code in address.png)
../0/3, bcrt1qjskkwkl4c0xttgew26mucgrwz78g6jqvyyvl673944v447vnk9pqw5sjqt (Enter 3 to save as a QR code in address.png)
../0/4, bcrt1qya20t2g0xxkzpg8e8m8m64u2gds807vcj0mlpu38ds7juh8u9c9sx7drsg (Enter 4 to save as a QR code in address.png)
../0/5, bcrt1qvewfys0rweqkgx98p0cmjgldmfhw5smde7skqjtp2fp0u2yl9xnqrlv3tr (Enter 5 to save as a QR code in address.png)
../0/6, bcrt1qtn73scdqv7h9c8lf2au0h5537e4fzyux0qcrez5tkh98ws5fhp2slq9jte (Enter 6 to save as a QR code in address.png)
../0/7, bcrt1q8r4dn3yk5qlyxffk8e58fcdxu5vkcey357qsvlmqpztreeq30lmscvsgnq (Enter 7 to save as a QR code in address.png)
../0/8, bcrt1qkucptzg2nnnhfc38zk28u0s82u0gd55jjz33ncz52se7nsdt34eqqruxwy (Enter 8 to save as a QR code in address.png)
../0/9, bcrt1qggwdv49ewdrjvt0ltc4kyhg30ssz93g2t97gm55lysnmhd3yhshszp9akm (Enter 9 to save as a QR code in address.png)

Controls:
    'NEXT' -- view next 10 addresses
    'PREV' -- view previous 10 addresses
    'CHANGE' -- toggle to/from change addresses
    'QUIT' -- quit proof wallet

Enter your desired command: QR code for address written to address.png
================================================================================
Derivation Path, Address
../0/0, bcrt1qulldgcyt7yuk9c09t7935gk2meq3ssp7txr2ntyer8gfm4cfy40s7r5ku2 (Enter 0 to save as a QR code in address.png)
../0/1, bcrt1qwghj3vqyldul0c44uy7sy0u5mp8m4qzlsemtwrtw4xmvgam2580ss8y8gx (Enter 1 to save as a QR code in address.png)
../0/2, bcrt1q7md5ks3rkmuqgj49tqnllhpfzter3mj5kafdrtxq4n0cw25q3nwqe4pnqt (Enter 2 to save as a QR code in address.png)
../0/3, bcrt1qjskkwkl4c0xttgew26mucgrwz78g6jqvyyvl673944v447vnk9pqw5sjqt (Enter 3 to save as a QR code in address.png)
../0/4, bcrt1qya20t2g0xxkzpg8e8m8m64u2gds807vcj0mlpu38ds7juh8u9c9sx7drsg (Enter 4 to save as a QR code in address.png)
../0/5, bcrt1qvewfys0rweqkgx98p0cmjgldmfhw5smde7skqjtp2fp0u2yl9xnqrlv3tr (Enter 5 to save as a QR code in address.png)
../0/6, bcrt1qtn73scdqv7h9c8lf2au0h5537e4fzyux0qcrez5tkh98ws5fhp2slq9jte (Enter 6 to save as a QR code in address.png)
../0/7, bcrt1q8r4dn3yk5qlyxffk8e58fcdxu5vkcey357qsvlmqpztreeq30lmscvsgnq (Enter 7 to save as a QR code in address.png)
../0/8, bcrt1qkucptzg2nnnhfc38zk28u0s82u0gd55jjz33ncz52se7nsdt34eqqruxwy (Enter 8 to save as a QR code in address.png)
../0/9, bcrt1qggwdv49ewdrjvt0ltc4kyhg30ssz93g2t97gm55lysnmhd3yhshszp9akm (Enter 9 to save as a QR code in address.png)

Controls:
    'NEXT' -- view next 10 addresses
    'PREV' -- view previous 10 addresses
    'CHANGE' -- toggle to/from change addresses
    'QUIT' -- quit proof wallet

Enter your desired command: QR code for address written to address.png
================================================================================
Derivation Path, Address
../0/0, bcrt1qulldgcyt7yuk9c09t7935gk2meq3ssp7txr2ntyer8gfm4cfy40s7r5ku2 (Enter 0 to save as a QR code in address.png)
../0/1, bcrt1qwghj3vqyldul0c44uy7sy0u5mp8m4qzlsemtwrtw4xmvgam2580ss8y8gx (Enter 1 to save as a QR code in address.png)
../0/2, bcrt1q7md5ks3rkmuqgj49tqnllhpfzter3mj5kafdrtxq4n0cw25q3nwqe4pnqt (Enter 2 to save as a QR code in address.png)
../0/3, bcrt1qjskkwkl4c0xttgew26mucgrwz78g6jqvyyvl673944v447vnk9pqw5sjqt (Enter 3 to save as a QR code in address.png)
../0/4, bcrt1qya20t2g0xxkzpg8e8m8m64u2gds807vcj0mlpu38ds7juh8u9c9sx7drsg (Enter 4 to save as a QR code in address.png)
../0/5, bcrt1qvewfys0rweqkgx98p0cmjgldmfhw5smde7skqjtp2fp0u2yl9xnqrlv3tr (Enter 5 to save as a QR code in address.png)
../0/6, bcrt1qtn73scdqv7h9c8lf2au0h5537e4fzyux0qcrez5tkh98ws5fhp2slq9jte (Enter 6 to save as a QR code in address.png)
../0/7, bcrt1q8r4dn3yk5qlyxffk8e58fcdxu5vkcey357qsvlmqpztreeq30lmscvsgnq (Enter 7 to save as a QR code in address.png)
../0/8, bcrt1qkucptzg2nnnhfc38zk28u0s82u0gd55jjz33ncz52se7nsdt34eqqruxwy (Enter 8 to save as a QR code in address.png)
../0/9, bcrt1qggwdv49ewdrjvt0ltc4kyhg30ssz93g2t97gm55lysnmhd3yhshszp9akm (Enter 9 to save as a QR code in address.png)

Controls:
    'NEXT' -- view next 10 addresses
    'PREV' -- view previous 10 addresses
    'CHANGE' -- toggle to/from change addresses
    'QUIT' -- quit proof wallet

Enter your desired command: QR code for address written to address.png
================================================================================
Derivation Path, Address
../0/0, bcrt1qulldgcyt7yuk9c09t7935gk2meq3ssp7txr2ntyer8gfm4cfy40s7r5ku2 (Enter 0 to save as a QR code in address.png)
../0/1, bcrt1qwghj3vqyldul0c44uy7sy0u5mp8m4qzlsemtwrtw4xmvgam2580ss8y8gx (Enter 1 to save as a QR code in address.png)
../0/2, bcrt1q7md5ks3rkmuqgj49tqnllhpfzter3mj5kafdrtxq4n0cw25q3nwqe4pnqt (Enter 2 to save as a QR code in address.png)
../0/3, bcrt1qjskkwkl4c0xttgew26mucgrwz78g6jqvyyvl673944v447vnk9pqw5sjqt (Enter 3 to save as a QR code in address.png)
../0/4, bcrt1qya20t2g0xxkzpg8e8m8m64u2gds807vcj0mlpu38ds7juh8u9c9sx7drsg (Enter 4 to save as a QR code in address.png)
../0/5, bcrt1qvewfys0rweqkgx98p0cmjgldmfhw5smde7skqjtp2fp0u2yl9xnqrlv3tr (Enter 5 to save as a QR code in address.png)
../0/6, bcrt1qtn73scdqv7h9c8lf2au0h5537e4fzyux0qcrez5tkh98ws5fhp2slq9jte (Enter 6 to save as a QR code in address.png)
../0/7, bcrt1q8r4dn3yk5qlyxffk8e58fcdxu5vkcey357qsvlmqpztreeq30lmscvsgnq (Enter 7 to save as a QR code in address.png)
../0/8, bcrt1qkucptzg2nnnhfc38zk28u0s82u0gd55jjz33ncz52se7nsdt34eqqruxwy (Enter 8 to save as a QR code in address.png)
../0/9, bcrt1qggwdv49ewdrjvt0ltc4kyhg30ssz93g2t97gm55lysnmhd3yhshszp9akm (Enter 9 to save as a QR code in address.png)

Controls:
    'NEXT' -- view next 10 addresses
    'PREV' -- view previous 10 addresses
    'CHANGE' -- toggle to/from change addresses
    'QUIT' -- quit proof wallet

Enter your desired command: QR code for address written to address.png
================================================================================
Derivation Path, Address
../0/0, bcrt1qulldgcyt7yuk9c09t7935gk2meq3ssp7txr2ntyer8gfm4cfy40s7r5ku2 (Enter 0 to save as a QR code in address.png)
../0/1, bcrt1qwghj3vqyldul0c44uy7sy0u5mp8m4qzlsemtwrtw4xmvgam2580ss8y8gx (Enter 1 to save as a QR code in address.png)
../0/2, bcrt1q7md5ks3rkmuqgj49tqnllhpfzter3mj5kafdrtxq4n0cw25q3nwqe4pnqt (Enter 2 to save as a QR code in address.png)
../0/3, bcrt1qjskkwkl4c0xttgew26mucgrwz78g6jqvyyvl673944v447vnk9pqw5sjqt (Enter 3 to save as a QR code in address.png)
../0/4, bcrt1qya20t2g0xxkzpg8e8m8m64u2gds807vcj0mlpu38ds7juh8u9c9sx7drsg (Enter 4 to save as a QR code in address.png)
../0/5, bcrt1qvewfys0rweqkgx98p0cmjgldmfhw5smde7skqjtp2fp0u2yl9xnqrlv3tr (Enter 5 to save as a QR code in address.png)
../0/6, bcrt1qtn73scdqv7h9c8lf2au0h5537e4fzyux0qcrez5tkh98ws5fhp2slq9jte (Enter 6 to save as a QR code in address.png)
../0/7, bcrt1q8r4dn3yk5qlyxffk8e58fcdxu5vkcey357qsvlmqpztreeq30lmscvsgnq (Enter 7 to save as a QR code in address.png)
../0/8, bcrt1qkucptzg2nnnhfc38zk28u0s82u0gd55jjz33ncz52se7nsdt34eqqruxwy (Enter 8 to save as a QR code in address.png)
../0/9, bcrt1qggwdv49ewdrjvt0ltc4kyhg30ssz93g2t97gm55lysnmhd3yhshszp9akm (Enter 9 to save as a QR code in address.png)

Controls:
    'NEXT' -- view next 10 addresses
    'PREV' -- view previous 10 addresses
    'CHANGE' -- toggle to/from change addresses
    'QUIT' -- quit proof wallet

Enter your desired command: QR code for address written to address.png
================================================================================
Derivation Path, Address
../0/0, bcrt1qulldgcyt7yuk9c09t7935gk2meq3ssp7txr2ntyer8gfm4cfy40s7r5ku2 (Enter 0 to save as a QR code in address.png)
../0/1, bcrt1qwghj3vqyldul0c44uy7sy0u5mp8m4qzlsemtwrtw4xmvgam2580ss8y8gx (Enter 1 to save as a QR code in address.png)
../0/2, bcrt1q7md5ks3rkmuqgj49tqnllhpfzter3mj5kafdrtxq4n0cw25q3nwqe4pnqt (Enter 2 to save as a QR code in address.png)
../0/3, bcrt1qjskkwkl4c0xttgew26mucgrwz78g6jqvyyvl673944v447vnk9pqw5sjqt (Enter 3 to save as a QR code in address.png)
../0/4, bcrt1qya20t2g0xxkzpg8e8m8m64u2gds807vcj0mlpu38ds7juh8u9c9sx7drsg (Enter 4 to save as a QR code in address.png)
../0/5, bcrt1qvewfys0rweqkgx98p0cmjgldmfhw5smde7skqjtp2fp0u2yl9xnqrlv3tr (Enter 5 to save as a QR code in address.png)
../0/6, bcrt1qtn73scdqv7h9c8lf2au0h5537e4fzyux0qcrez5tkh98ws5fhp2slq9jte (Enter 6 to save as a QR code in address.png)
../0/7, bcrt1q8r4dn3yk5qlyxffk8e58fcdxu5vkcey357qsvlmqpztreeq30lmscvsgnq (Enter 7 to save as a QR code in address.png)
../0/8, bcrt1qkucptzg2nnnhfc38zk28u0s82u0gd55jjz33ncz52se7nsdt34eqqruxwy (Enter 8 to save as a QR code in address.png)
../0/9, bcrt1qggwdv49ewdrjvt0ltc4kyhg30ssz93g2t97gm55lysnmhd3yhshszp9akm (Enter 9 to save as a QR code in address.png)

Controls:
    'NEXT' -- view next 10 addresses
    'PREV' -- view previous 10 addresses
    'CHANGE' -- toggle to/from change addresses
    'QUIT' -- quit proof wallet

Enter your desired command: QR code for address written to address.png
================================================================================
Derivation Path, Address
../0/0, bcrt1qulldgcyt7yuk9c09t7935gk2meq3ssp7txr2ntyer8gfm4cfy40s7r5ku2 (Enter 0 to save as a QR code in address.png)
../0/1, bcrt1qwghj3vqyldul0c44uy7sy0u5mp8m4qzlsemtwrtw4xmvgam2580ss8y8gx (Enter 1 to save as a QR code in address.png)
../0/2, bcrt1q7md5ks3rkmuqgj49tqnllhpfzter3mj5kafdrtxq4n0cw25q3nwqe4pnqt (Enter 2 to save as a QR code in address.png)
../0/3, bcrt1qjskkwkl4c0xttgew26mucgrwz78g6jqvyyvl673944v447vnk9pqw5sjqt (Enter 3 to save as a QR code in address.png)
../0/4, bcrt1qya20t2g0xxkzpg8e8m8m64u2gds807vcj0mlpu38ds7juh8u9c9sx7drsg (Enter 4 to save as a QR code in address.png)
../0/5, bcrt1qvewfys0rweqkgx98p0cmjgldmfhw5smde7skqjtp2fp0u2yl9xnqrlv3tr (Enter 5 to save as a QR code in address.png)
../0/6, bcrt1qtn73scdqv7h9c8lf2au0h5537e4fzyux0qcrez5tkh98ws5fhp2slq9jte (Enter 6 to save as a QR code in address.png)
../0/7, bcrt1q8r4dn3yk5qlyxffk8e58fcdxu5vkcey357qsvlmqpztreeq30lmscvsgnq (Enter 7 to save as a QR code in address.png)
../0/8, bcrt1qkucptzg2nnnhfc38zk28u0s82u0gd55jjz33ncz52se7nsdt34eqqruxwy (Enter 8 to save as a QR code in address.png)
../0/9, bcrt1qggwdv49ewdrjvt0ltc4kyhg30ssz93g2t97gm55lysnmhd3yhshszp9akm (Enter 9 to save as a QR code in address.png)

Controls:
    'NEXT' -- view next 10 addresses
    'PREV' -- view previous 10 addresses
    'CHANGE' -- toggle to/from change addresses
    'QUIT' -- quit proof wallet

Enter your desired command: QR code for address written to address.png
================================================================================
Derivation Path, Address
../0/0, bcrt1qulldgcyt7yuk9c09t7935gk2meq3ssp7txr2ntyer8gfm4cfy40s7r5ku2 (Enter 0 to save as a QR code in address.png)
../0/1, bcrt1qwghj3vqyldul0c44uy7sy0u5mp8m4qzlsemtwrtw4xmvgam2580ss8y8gx (Enter 1 to save as a QR code in address.png)
../0/2, bcrt1q7md5ks3rkmuqgj49tqnllhpfzter3mj5kafdrtxq4n0cw25q3nwqe4pnqt (Enter 2 to save as a QR code in address.png)
../0/3, bcrt1qjskkwkl4c0xttgew26mucgrwz78g6jqvyyvl673944v447vnk9pqw5sjqt (Enter 3 to save as a QR code in address.png)
../0/4, bcrt1qya20t2g0xxkzpg8e8m8m64u2gds807vcj0mlpu38ds7juh8u9c9sx7drsg (Enter 4 to save as a QR code in address.png)
../0/5, bcrt1qvewfys0rweqkgx98p0cmjgldmfhw5smde7skqjtp2fp0u2yl9xnqrlv3tr (Enter 5 to save as a QR code in address.png)
../0/6, bcrt1qtn73scdqv7h9c8lf2au0h5537e4fzyux0qcrez5tkh98ws5fhp2slq9jte (Enter 6 to save as a QR code in address.png)
../0/7, bcrt1q8r4dn3yk5qlyxffk8e58fcdxu5vkcey357qsvlmqpztreeq30lmscvsgnq (Enter 7 to save as a QR code in address.png)
../0/8, bcrt1qkucptzg2nnnhfc38zk28u0s82u0gd55jjz33ncz52se7nsdt34eqqruxwy (Enter 8 to save as a QR code in address.png)
../0/9, bcrt1qggwdv49ewdrjvt0ltc4kyhg30ssz93g2t97gm55lysnmhd3yhshszp9akm (Enter 9 to save as a QR code in address.png)

Controls:
    'NEXT' -- view next 10 addresses
    'PREV' -- view previous 10 addresses
    'CHANGE' -- toggle to/from change addresses
    'QUIT' -- quit proof wallet

Enter your desired command: QR code for address written to address.png
================================================================================
Derivation Path, Address
../0/0, bcrt1qulldgcyt7yuk9c09t7935gk2meq3ssp7txr2ntyer8gfm4cfy40s7r5ku2 (Enter 0 to save as a QR code in address.png)
../0/1, bcrt1qwghj3vqyldul0c44uy7sy0u5mp8m4qzlsemtwrtw4xmvgam2580ss8y8gx (Enter 1 to save as a QR code in address.png)
../0/2, bcrt1q7md5ks3rkmuqgj49tqnllhpfzter3mj5kafdrtxq4n0cw25q3nwqe4pnqt (Enter 2 to save as a QR code in address.png)
../0/3, bcrt1qjskkwkl4c0xttgew26mucgrwz78g6jqvyyvl673944v447vnk9pqw5sjqt (Enter 3 to save as a QR code in address.png)
../0/4, bcrt1qya20t2g0xxkzpg8e8m8m64u2gds807vcj0mlpu38ds7juh8u9c9sx7drsg (Enter 4 to save as a QR code in address.png)
../0/5, bcrt1qvewfys0rweqkgx98p0cmjgldmfhw5smde7skqjtp2fp0u2yl9xnqrlv3tr (Enter 5 to save as a QR code in address.png)
../0/6, bcrt1qtn73scdqv7h9c8lf2au0h5537e4fzyux0qcrez5tkh98ws5fhp2slq9jte (Enter 6 to save as a QR code in address.png)
../0/7, bcrt1q8r4dn3yk5qlyxffk8e58fcdxu5vkcey357qsvlmqpztreeq30lmscvsgnq (Enter 7 to save as a QR code in address.png)
../0/8, bcrt1qkucptzg2nnnhfc38zk28u0s82u0gd55jjz33ncz52se7nsdt34eqqruxwy (Enter 8 to save as a QR code in address.png)
../0/9, bcrt1qggwdv49ewdrjvt0ltc4kyhg30ssz93g2t97gm55lysnmhd3yhshszp9akm (Enter 9 to save as a QR code in address.png)

Controls:
    'NEXT' -- view next 10 addresses
    'PREV' -- view previous 10 addresses
    'CHANGE' -- toggle to/from change addresses
    'QUIT' -- quit proof wallet

Enter your desired command: QR code for address written to address.png
================================================================================
Derivation Path, Address
../0/0, bcrt1qulldgcyt7yuk9c09t7935gk2meq3ssp7txr2ntyer8gfm4cfy40s7r5ku2 (Enter 0 to save as a QR code in address.png)
../0/1, bcrt1qwghj3vqyldul0c44uy7sy0u5mp8m4qzlsemtwrtw4xmvgam2580ss8y8gx (Enter 1 to save as a QR code in address.png)
../0/2, bcrt1q7md5ks3rkmuqgj49tqnllhpfzter3mj5kafdrtxq4n0cw25q3nwqe4pnqt (Enter 2 to save as a QR code in address.png)
../0/3, bcrt1qjskkwkl4c0xttgew26mucgrwz78g6jqvyyvl673944v447vnk9pqw5sjqt (Enter 3 to save as a QR code in address.png)
../0/4, bcrt1qya20t2g0xxkzpg8e8m8m64u2gds807vcj0mlpu38ds7juh8u9c9sx7drsg (Enter 4 to save as a QR code in address.png)
../0/5, bcrt1qvewfys0rweqkgx98p0cmjgldmfhw5smde7skqjtp2fp0u2yl9xnqrlv3tr (Enter 5 to save as a QR code in address.png)
../0/6, bcrt1qtn73scdqv7h9c8lf2au0h5537e4fzyux0qcrez5tkh98ws5fhp2slq9jte (Enter 6 to save as a QR code in address.png)
../0/7, bcrt1q8r4dn3yk5qlyxffk8e58fcdxu5vkcey357qsvlmqpztreeq30lmscvsgnq (Enter 7 to save as a QR code in address.png)
../0/8, bcrt1qkucptzg2nnnhfc38zk28u0s82u0gd55jjz33ncz52se7nsdt34eqqruxwy (Enter 8 to save as a QR code in address.png)
../0/9, bcrt1qggwdv49ewdrjvt0ltc4kyhg30ssz93g2t97gm55lysnmhd3yhshszp9akm (Enter 9 to save as a QR code in address.png)

Controls:
    'NEXT' -- view next 10 addresses
    'PREV' -- view previous 10 addresses
    'CHANGE' -- toggle to/from change addresses
    'QUIT' -- quit proof wallet

Enter your desired command: Unsupported option.
================================================================================
Derivation Path, Address
../0/0, bcrt1qulldgcyt7yuk9c09t7935gk2meq3ssp7txr2ntyer8gfm4cfy40s7r5ku2 (Enter 0 to save as a QR code in address.png)
../0/1, bcrt1qwghj3vqyldul0c44uy7sy0u5mp8m4qzlsemtwrtw4xmvgam2580ss8y8gx (Enter 1 to save as a QR code in address.png)
../0/2, bcrt1q7md5ks3rkmuqgj49tqnllhpfzter3mj5kafdrtxq4n0cw25q3nwqe4pnqt (Enter 2 to save as a QR code in address.png)
../0/3, bcrt1qjskkwkl4c0xttgew26mucgrwz78g6jqvyyvl673944v447vnk9pqw5sjqt (Enter 3 to save as a QR code in address.png)
../0/4, bcrt1qya20t2g0xxkzpg8e8m8m64u2gds807vcj0mlpu38ds7juh8u9c9sx7drsg (Enter 4 to save as a QR code in address.png)
../0/5, bcrt1qvewfys0rweqkgx98p0cmjgldmfhw5smde7skqjtp2fp0u2yl9xnqrlv3tr (Enter 5 to save as a QR code in address.png)
../0/6, bcrt1qtn73scdqv7h9c8lf2au0h5537e4fzyux0qcrez5tkh98ws5fhp2slq9jte (Enter 6 to save as a QR code in address.png)
../0/7, bcrt1q8r4dn3yk5qlyxffk8e58fcdxu5vkcey357qsvlmqpztreeq30lmscvsgnq (Enter 7 to save as a QR code in address.png)
../0/8, bcrt1qkucptzg2nnnhfc38zk28u0s82u0gd55jjz33ncz52se7nsdt34eqqruxwy (Enter 8 to save as a QR code in address.png)
../0/9, bcrt1qggwdv49ewdrjvt0ltc4kyhg30ssz93g2t97gm55lysnmhd3yhshszp9akm (Enter 9 to save as a QR code in address.png)

Controls:
    'NEXT' -- view next 10 addresses
    'PREV' -- view previous 10 addresses
    'CHANGE' -- toggle to/from change addresses
    'QUIT' -- quit proof wallet

Enter your desired command: ================================================================================
Derivation Path, Address
../0/10, bcrt1q5nxwfpqpt2cr5d8jddpcvahpm85wca0gmwkku56qm2knpdkagc8q58evst (Enter 0 to save as a QR code in address.png)
../0/11, bcrt1q46fdj2gsdvxae6vtv6yecsk39u8z4zrjfcawml54uar9r2jjva3shd6y74 (Enter 1 to save as a QR code in address.png)
../0/12, bcrt1qw9d0cyncazdct2ep03hvqlxnj9a4gyacjvm5nvzmxmn084h7zqus6z8zvg (Enter 2 to save as a QR code in address.png)
../0/13, bcrt1qakc70fdqq3la7j752t9nzm2mzzy6hz0ztyw5acncer900hx39anqcsw2ux (Enter 3 to save as a QR code in address.png)
../0/14, bcrt1qhm5ejras6vndsm98e4ca5ef7ce6gq3rzw6nzv074fsm4uaty4ydqez9f2j (Enter 4 to save as a QR code in address.png)
../0/15, bcrt1qxphw8sdf75gp54sqlg2vejl00k3kj5jr963g9lvqvsadf03t70uqhmcfcm (Enter 5 to save as a QR code in address.png)
../0/16, bcrt1qae982e5qjz7swsq7pn7c2aw6s7288zj8swezgyk7sduyythgvnfs5ld5cy (Enter 6 to save as a QR code in address.png)
../0/17, bcrt1qp0hu8a9nwyfppt0e60j0q0246dqqmtlsaxlef0e6xt6r8el02q6stw55m7 (Enter 7 to save as a QR code in address.png)
../0/18, bcrt1qxly4ctyxncwzsvr4v4tuyc5hff0reg687j2apaq6uycmgr9lm0sqxkysrd (Enter 8 to save as a QR code in address.png)
../0/19, bcrt1qt7yyyy3pzgzc6p7qywmzcq7hphdwzzffr063f9rfqq9efqv29faswxu9eq (Enter 9 to save as a QR code in address.png)

Controls:
    'NEXT' -- view next 10 addresses
    'PREV' -- view previous 10 addresses
    'CHANGE' -- toggle to/from change addresses
    'QUIT' -- quit proof wallet

Enter your desired command: ================================================================================
Derivation Path, Address
../0/20, bcrt1qd97y9q5w89fyr87fsd67r8z7tjpkzgu4r75gnkmcr3v62rhswg0swmukvm (Enter 0 to save as a QR code in address.png)
../0/21, bcrt1qzzvvrrdhyxxrlpjlx3ee9qqdagcvssgu5x7jvakkyszhxk3udwasnksg9f (Enter 1 to save as a QR code in address.png)
../0/22, bcrt1q09tyvj7przk98st92gg26y3j7uakjqr4av60a3zs2xzhrps5xvqsah63ak (Enter 2 to save as a QR code in address.png)
../0/23, bcrt1qgteu5fv7sk0qg2gdcg8j5l2hdl5kh89t998g4pwmfz8ejasstmhsjkmjda (Enter 3 to save as a QR code in address.png)
../0/24, bcrt1qy8567g4g8mn8lfn5y7x4vapchl6pvp6ujl00nzf43dayydqvgfysgs5a9j (Enter 4 to save as a QR code in address.png)
../0/25, bcrt1qhyer3dwe534z077v2sdklckr8vtlf2vtn5h94wsngckps033n8wsyneau0 (Enter 5 to save as a QR code in address.png)
../0/26, bcrt1q9fmheejxu8rcrldvqhegc22a3mpd89vklttatdrm2sf7uenrmavqn8ghkr (Enter 6 to save as a QR code in address.png)
../0/27, bcrt1qy657yawhh2vnguwjllrcgxhz48surv457nj5qk3hm6m9ksm4j29sc8psp4 (Enter 7 to save as a QR code in address.png)
../0/28, bcrt1qslnqe6gyfgmh4faaqvz9mwsw3z8ch9w6fzz37f4etyvnj45r48xq6a2qc5 (Enter 8 to save as a QR code in address.png)
../0/29, bcrt1qcuvphyta0am3uhx0la5lzdru0peqfelj6ttgrmdz9gnl649tsyhs2fd0zs (Enter 9 to save as a QR code in address.png)

Controls:
    'NEXT' -- view next 10 addresses
    'PREV' -- view previous 10 addresses
    'CHANGE' -- toggle to/from change addresses
    'QUIT' -- quit proof wallet

Enter your desired command: ================================================================================
Derivation Path, Address
../0/30, bcrt1q5p78rp7hr8g4qedf6sm50k3ek7yx7a04anvkq3khx6cnlueprslsfceu8f (Enter 0 to save as a QR code in address.png)
../0/31, bcrt1q7vnu52zdtv7ll4cvtgcy2l6ekwavtnhgg0a0vlgvkdu5s0dm8cequvkfsv (Enter 1 to save as a QR code in address.png)
../0/32, bcrt1qqnh5qfw3zr6xy5am8p4dz5ss7lh2qxlsdp5qu4eg3fwmg6ndfcmsmu5wyx (Enter 2 to save as a QR code in address.png)
../0/33, bcrt1qet67dr0tfkckrjszuvp5ctzpqk6cghzdhak8gpg4au4nkhuf3dfq7zaq5x (Enter 3 to save as a QR code in address.png)
../0/34, bcrt1qhzhn6ctvp2cvxpa3q2r59z0qrzqvlxg9p3kqsndc3srqagxwtqysgcpt8j (Enter 4 to save as a QR code in address.png)
../0/35, bcrt1qag4q6xhcknhpuqg9r7qj3ndq7zuscuc7ms9etgvw9c3wwxd7qzasjcakah (Enter 5 to save as a QR code in address.png)
../0/36, bcrt1qcsnlsuunvfulxecfl37xnqs7at0u297c0zcx5fkqzd5y07v3723qmhkjg8 (Enter 6 to save as a QR code in address.png)
../0/37, bcrt1qhr6vvluf4ezaahrgx6wp5efrn07nmq8n3ktzuh332nwshhqf57kscqgpta (Enter 7 to save as a QR code in address.png)
../0/38, bcrt1qf67ka9yguwyqqg2gcf7hhakspf762yj9z88c95nuvpjg98ct90gs2sjklr (Enter 8 to save as a QR code in address.png)
../0/39, bcrt1qx6kgfal5nzh69d0e76xfpc2t9hy6yf27wwtcz3ul002as4wgzamq3elf6y (Enter 9 to save as a QR code in address.png)

Controls:
    'NEXT' -- view next 10 addresses
    'PREV' -- view previous 10 addresses
    'CHANGE' -- toggle to/from change addresses
    'QUIT' -- quit proof wallet

Enter your desired command: ================================================================================
Derivation Path, Address
../0/20, bcrt1qd97y9q5w89fyr87fsd67r8z7tjpkzgu4r75gnkmcr3v62rhswg0swmukvm (Enter 0 to save as a QR code in address.png)
../0/21, bcrt1qzzvvrrdhyxxrlpjlx3ee9qqdagcvssgu5x7jvakkyszhxk3udwasnksg9f (Enter 1 to save as a QR code in address.png)
../0/22, bcrt1q09tyvj7przk98st92gg26y3j7uakjqr4av60a3zs2xzhrps5xvqsah63ak (Enter 2 to save as a QR code in address.png)
../0/23, bcrt1qgteu5fv7sk0qg2gdcg8j5l2hdl5kh89t998g4pwmfz8ejasstmhsjkmjda (Enter 3 to save as a QR code in address.png)
../0/24, bcrt1qy8567g4g8mn8lfn5y7x4vapchl6pvp6ujl00nzf43dayydqvgfysgs5a9j (Enter 4 to save as a QR code in address.png)
../0/25, bcrt1qhyer3dwe534z077v2sdklckr8vtlf2vtn5h94wsngckps033n8wsyneau0 (Enter 5 to save as a QR code in address.png)
../0/26, bcrt1q9fmheejxu8rcrldvqhegc22a3mpd89vklttatdrm2sf7uenrmavqn8ghkr (Enter 6 to save as a QR code in address.png)
../0/27, bcrt1qy657yawhh2vnguwjllrcgxhz48surv457nj5qk3hm6m9ksm4j29sc8psp4 (Enter 7 to save as a QR code in address.png)
../0/28, bcrt1qslnqe6gyfgmh4faaqvz9mwsw3z8ch9w6fzz37f4etyvnj45r48xq6a2qc5 (Enter 8 to save as a QR code in address.png)
../0/29, bcrt1qcuvphyta0am3uhx0la5lzdru0peqfelj6ttgrmdz9gnl649tsyhs2fd0zs (Enter 9 to save as a QR code in address.png)

Controls:
    'NEXT' -- view next 10 addresses
    'PREV' -- view previous 10 addresses
    'CHANGE' -- toggle to/from change addresses
    'QUIT' -- quit proof wallet

Enter your desired command: ================================================================================
Derivation Path, Address
../0/10, bcrt1q5nxwfpqpt2cr5d8jddpcvahpm85wca0gmwkku56qm2knpdkagc8q58evst (Enter 0 to save as a QR code in address.png)
../0/11, bcrt1q46fdj2gsdvxae6vtv6yecsk39u8z4zrjfcawml54uar9r2jjva3shd6y74 (Enter 1 to save as a QR code in address.png)
../0/12, bcrt1qw9d0cyncazdct2ep03hvqlxnj9a4gyacjvm5nvzmxmn084h7zqus6z8zvg (Enter 2 to save as a QR code in address.png)
../0/13, bcrt1qakc70fdqq3la7j752t9nzm2mzzy6hz0ztyw5acncer900hx39anqcsw2ux (Enter 3 to save as a QR code in address.png)
../0/14, bcrt1qhm5ejras6vndsm98e4ca5ef7ce6gq3rzw6nzv074fsm4uaty4ydqez9f2j (Enter 4 to save as a QR code in address.png)
../0/15, bcrt1qxphw8sdf75gp54sqlg2vejl00k3kj5jr963g9lvqvsadf03t70uqhmcfcm (Enter 5 to save as a QR code in address.png)
../0/16, bcrt1qae982e5qjz7swsq7pn7c2aw6s7288zj8swezgyk7sduyythgvnfs5ld5cy (Enter 6 to save as a QR code in address.png)
../0/17, bcrt1qp0hu8a9nwyfppt0e60j0q0246dqqmtlsaxlef0e6xt6r8el02q6stw55m7 (Enter 7 to save as a QR code in address.png)
../0/18, bcrt1qxly4ctyxncwzsvr4v4tuyc5hff0reg687j2apaq6uycmgr9lm0sqxkysrd (Enter 8 to save as a QR code in address.png)
../0/19, bcrt1qt7yyyy3pzgzc6p7qywmzcq7hphdwzzffr063f9rfqq9efqv29faswxu9eq (Enter 9 to save as a QR code in address.png)

Controls:
    'NEXT' -- view next 10 addresses
    'PREV' -- view previous 10 addresses
    'CHANGE' -- toggle to/from change addresses
    'QUIT' -- quit proof wallet

Enter your desired command: ================================================================================
Derivation Path, Address
../0/0, bcrt1qulldgcyt7yuk9c09t7935gk2meq3ssp7txr2ntyer8gfm4cfy40s7r5ku2 (Enter 0 to save as a QR code in address.png)
../0/1, bcrt1qwghj3vqyldul0c44uy7sy0u5mp8m4qzlsemtwrtw4xmvgam2580ss8y8gx (Enter 1 to save as a QR code in address.png)
../0/2, bcrt1q7md5ks3rkmuqgj49tqnllhpfzter3mj5kafdrtxq4n0cw25q3nwqe4pnqt (Enter 2 to save as a QR code in address.png)
../0/3, bcrt1qjskkwkl4c0xttgew26mucgrwz78g6jqvyyvl673944v447vnk9pqw5sjqt (Enter 3 to save as a QR code in address.png)
../0/4, bcrt1qya20t2g0xxkzpg8e8m8m64u2gds807vcj0mlpu38ds7juh8u9c9sx7drsg (Enter 4 to save as a QR code in address.png)
../0/5, bcrt1qvewfys0rweqkgx98p0cmjgldmfhw5smde7skqjtp2fp0u2yl9xnqrlv3tr (Enter 5 to save as a QR code in address.png)
../0/6, bcrt1qtn73scdqv7h9c8lf2au0h5537e4fzyux0qcrez5tkh98ws5fhp2slq9jte (Enter 6 to save as a QR code in address.png)
../0/7, bcrt1q8r4dn3yk5qlyxffk8e58fcdxu5vkcey357qsvlmqpztreeq30lmscvsgnq (Enter 7 to save as a QR code in address.png)
../0/8, bcrt1qkucptzg2nnnhfc38zk28u0s82u0gd55jjz33ncz52se7nsdt34eqqruxwy (Enter 8 to save as a QR code in address.png)
../0/9, bcrt1qggwdv49ewdrjvt0ltc4kyhg30ssz93g2t97gm55lysnmhd3yhshszp9akm (Enter 9 to save as a QR code in address.png)

Controls:
    'NEXT' -- view next 10 addresses
    'PREV' -- view previous 10 addresses
    'CHANGE' -- toggle to/from change addresses
    'QUIT' -- quit proof wallet

Enter your desired command: Unsupported option.
================================================================================
Derivation Path, Address
../0/0, bcrt1qulldgcyt7yuk9c09t7935gk2meq3ssp7txr2ntyer8gfm4cfy40s7r5ku2 (Enter 0 to save as a QR code in address.png)
../0/1, bcrt1qwghj3vqyldul0c44uy7sy0u5mp8m4qzlsemtwrtw4xmvgam2580ss8y8gx (Enter 1 to save as a QR code in address.png)
../0/2, bcrt1q7md5ks3rkmuqgj49tqnllhpfzter3mj5kafdrtxq4n0cw25q3nwqe4pnqt (Enter 2 to save as a QR code in address.png)
../0/3, bcrt1qjskkwkl4c0xttgew26mucgrwz78g6jqvyyvl673944v447vnk9pqw5sjqt (Enter 3 to save as a QR code in address.png)
../0/4, bcrt1qya20t2g0xxkzpg8e8m8m64u2gds807vcj0mlpu38ds7juh8u9c9sx7drsg (Enter 4 to save as a QR code in address.png)
../0/5, bcrt1qvewfys0rweqkgx98p0cmjgldmfhw5smde7skqjtp2fp0u2yl9xnqrlv3tr (Enter 5 to save as a QR code in address.png)
../0/6, bcrt1qtn73scdqv7h9c8lf2au0h5537e4fzyux0qcrez5tkh98ws5fhp2slq9jte (Enter 6 to save as a QR code in address.png)
../0/7, bcrt1q8r4dn3yk5qlyxffk8e58fcdxu5vkcey357qsvlmqpztreeq30lmscvsgnq (Enter 7 to save as a QR code in address.png)
../0/8, bcrt1qkucptzg2nnnhfc38zk28u0s82u0gd55jjz33ncz52se7nsdt34eqqruxwy (Enter 8 to save as a QR code in address.png)
../0/9, bcrt1qggwdv49ewdrjvt0ltc4kyhg30ssz93g2t97gm55lysnmhd3yhshszp9akm (Enter 9 to save as a QR code in address.png)

Controls:
    'NEXT' -- view next 10 addresses
    'PREV' -- view previous 10 addresses
    'CHANGE' -- toggle to/from change addresses
    'QUIT' -- quit proof wallet

Enter your desired command: ================================================================================
Derivation Path, Address
../1/0, bcrt1qhqtktatztc6vehjl04z4j67ay40cufq40dq4f6t7t84s9hn4an9qc2csn8 (Enter 0 to save as a QR code in address.png)
../1/1, bcrt1qr7xgm4cwfd6n273ngfc54gaxqkhx8fdnk3u6k5gs7vwlke007jdqezmze0 (Enter 1 to save as a QR code in address.png)
../1/2, bcrt1qdqup0nug3cqd2z0d8rdq3vxf93yw3u77cwpk45ryfn95qpwjhu3scsrxkq (Enter 2 to save as a QR code in address.png)
../1/3, bcrt1ql0j9g8mq06j6nw3hxvxxtzcd3dnxd9y566encxruy5rkehjjwhusccr48n (Enter 3 to save as a QR code in address.png)
../1/4, bcrt1qhlu73taxc79mt2nqyk08tj7yhczgve2wfgx7v0xusc52vgf30ywsxxg2qp (Enter 4 to save as a QR code in address.png)
../1/5, bcrt1q6ez2wclvgsftz3rz0lw6z7mzvfc9jnxdn8twa406q8l0mmzmupwqulj9jq (Enter 5 to save as a QR code in address.png)
../1/6, bcrt1qcufhx7plrgcy78cetfgz7m6gy0h4qfs7t2qtqqgyxp2qyl6ma9es64dh5n (Enter 6 to save as a QR code in address.png)
../1/7, bcrt1q703xww9vlmj33c7l7a4rqdgnx2qpc0f4hzegex6yrdgldhdwckkqz6n45m (Enter 7 to save as a QR code in address.png)
../1/8, bcrt1qx9sgpuumn52sqmzn6p99fnn3h43fzvg5ltm8vvxsa39mp3y0k42qw04vfd (Enter 8 to save as a QR code in address.png)
../1/9, bcrt1qzeaveqafz5nck8stmzhjk4zsf6wc042qalefyta5dt2lkvf3fqyq8vduse (Enter 9 to save as a QR code in address.png)

Controls:
    'NEXT' -- view next 10 addresses
    'PREV' -- view previous 10 addresses
    'CHANGE' -- toggle to/from change addresses
    'QUIT' -- quit proof wallet

Enter your desired command: 